FanspeedColdMirror=Cold Mirror fan speed
FanspeedEngine=Engine fan speed
FanspeedLampAnode=Lamp Anode fan speed
FanspeedLampCathode=Lamp Cathode fan speed
FanspeedSmps1 (left)=SMPS 1 (left) fan speed
FanspeedSmps2 (right)=SMPS 2 (right) fan speed
FanspeedRedDmd=Red DMD fan speed
FanspeedGreenDmd=Green DMD fan speed
FanspeedBlueDmd=Blue DMD fan speed
FanspeedElectronics1 (top)=Electronics 1 (top) fan speed
FanspeedElectronics2 (bottom)=Electronics 2 (bottom) fan speed
FanspeedIcp=ICP fan speed
FanspeedLightPipe=Light Pipe fan speed
FanspeedHeatExchanger=Heat Exchanger fan speed
FanspeedHeatExchanger2=Heat Exchanger 2 fan speed
FanspeedSpg=SPG fan speed
FanspeedLightPipeInternal=Light Pipe Internal fan speed
FanspeedPfc=PFC fan speed
FanspeedSystemOutlet=System Outlet fan speed
FanspeedUhpLampDrivers=UHP Lamp Drivers fan speed
Blue formatter fan speed=Blue formatter fan speed
Card cage inlet fan 1 speed=Card cage inlet fan 1 speed
Card cage inlet fan 2 speed=Card cage inlet fan 2 speed
Card cage inlet fan 3 speed=Card cage inlet fan 3 speed
Card cage inlet fan 4 speed=Card cage inlet fan 4 speed
Card cage inlet fan 5 speed=Card cage inlet fan 5 speed
Card cage inlet fan 6 speed=Card cage inlet fan 6 speed
Card cage outlet fan 1 speed=Card cage outlet fan 1 speed
Card cage outlet fan 2 speed=Card cage outlet fan 2 speed
Green formatter fan speed=Green formatter fan speed
LDM 1 fan 1 speed=LDM 1 fan 1 speed
LDM 1 fan 2 speed=LDM 1 fan 2 speed
LSB fan speed=LSB fan speed
Pump speed=Pump speed
FanSpeedLcm1Fan1=Fan Speed LCM-1 Fan 1
FanSpeedLcm1Fan2=Fan Speed LCM-1 Fan 2
