TempAmbient=Ambient
TempRedDmd=Red DMD
TempGreenDmd=Green DMD
TempBlueDmd=Blue DMD
TempLamp=Lamp
TempFrontBlock=Front Block
TempRedFrontDmd=Red Front DMD
TempGreenFrontDmd=Green Front DMD
TempBlueFrontDmd=Blue Front DMD
TempPfcHeatsink=PFC Heatsink
TempSmpsPrimHeatsink=SMPS Primary Heatsink
TempSmpsSecHeatsink=SMPS Secondary Heatsink
TempLightPipe=Light Pipe
TempEngineAir=Engine Air
TempLps30Heatsink1=Lamp Power Supply 30 Heatsink 1
TempLps30Heatsink2=Lamp Power Supply 30 Heatsink 2
TempLps30Ambient=Lamp Power Supply 30 Ambient
TempLps30Transformer=Lamp Power Supply 30 Transformer
TempLps30HeatsinkRectifier=Lamp Power Supply 30 Heatsink Rectifier
TempTiIcpMax6656=TI ICP Max 6656
TempTiIcpIcpFpga=TI ICP ICP Fpga
TempTiIcpFmtFpga=TI ICP FMT Fpga
TempRedBlock=Red Block
TempGreenBlock=Green Block
TempBlueBlock=Blue Block
TempLps20Heatsink1-MID=LPS 20 Heatsink 1 MID
TempLps20Heatsink2-MID=LPS 20 Heatsink 2 MID
TempLps20Ambient-MID=LPS 20 Ambient MID
TempLps20Transformer-MID=LPS 20 Transformer MID
TempLps20HeatsinkRectifier-MID=LPS 20 Heatsink Rectifier MID
TempLps22Heatsink1-LEFT=LPS 22 Heatsink 1 Left
TempLampBallast1=Lamp Ballast 1
TempLampBallast2=Lamp Ballast 2
TempLcbDewpoint=LCB Dewpoint
TempLcm1AirDrawnIn=LCM 1 Air Drawn In
TempLcm1CoolantLiquidOut=LCM 1 Coolant Liquid Out
TempLdm1Board=LDM 1 Board
TempLlsAmbient=LLS Ambient
TempLlsPhosphorWheelMotor=LLS Phosphor Wheel Motor
Blue dmd back temperature=Blue DMD back
Blue dmd block temperature=Blue DMD block
Blue dmd front temperature=Blue DMD front
CCB CPU temperature=CCB CPU
FMCB board temperature=FMCB board
Front air inlet temperature=Front air inlet
Green dmd back temperature=Green DMD back
Green dmd block temperature=Green DMD block
Green dmd front temperature=Green DMD front
ICMP/ICP-D - DMD blue temperature=ICMP/ICP-D - DMD blue
ICMP/ICP-D - DMD green temperature=ICMP/ICP-D - DMD green
ICMP/ICP-D - DMD red temperature=ICMP/ICP-D - DMD red
ICMP/ICP-D - Environment temperature=ICMP/ICP-D - Environment
ICMP/ICP-D - Formatter FPGA blue temperature=ICMP/ICP-D - Formatter FPGA blue
ICMP/ICP-D - Formatter FPGA green temperature=ICMP/ICP-D - Formatter FPGA green
ICMP/ICP-D - Formatter FPGA red temperature=ICMP/ICP-D - Formatter FPGA red
ICMP/ICP-D - ICP FPGA temperature=ICMP/ICP-D - ICP FPGA
ICMP/ICP-D - IMB FPGA temperature=ICMP/ICP-D - IMB FPGA
