VoltageFanColdMirror=Fan Cold Mirror
VoltageFanRedDmd=Fan Red DMD
VoltageFanGreenDmd=Fan Green DMD
VoltageFanBlueDmd=Fan Blue DMD
VoltageFanEngine=Fan Engine
VoltageFanLightPipe=Fan Light Pipe
VoltageFanLampAnode=Fan Lamp Anode
VoltageFanLampCathode=Fan Lamp Cathode
VoltageFanSmps=Fan SMPS
VoltageFanElectronics1 (top)=Fan Electronics 1 (top)
VoltageFanElectronics2 (bottom)=Fan Electronics 2 (bottom)
VoltageIcp=ICP
Voltage12s=12s
Voltage24=24
VoltageTec=Tec
VoltageRedTec=Red Tec
VoltageGreenTec=Green Tec
VoltageBlueTec=Blue Tec
VoltageFanHeatExchanger=Fan Heat Exchanger
VoltageHeatExchanger2=Heat Exchanger 2
VoltagePump=Pump
Voltage12=12
VoltageBlueFrontTec=Blue Front Tec
VoltageGreenFrontTec=Green Front Tec
VoltageRedFrontTec=Red Front Tec
VoltageFan1Smps=Fan1 SMPS
VoltageFan2Smps=Fan2 SMPS
VoltageFanLightPipeInternal=Fan LightPipe Internal
VoltageFanPfc=Fan PFC
VoltageFanSystemOutlet=Fan System Outlet
VoltageFan1Smps (left)=Voltage Fan1 SMPS (left)
VoltageFan2Smps (right)=Voltage Fan2 SMPS (right)
FMCB 12V voltage=FMCB 12V
FMCB 24V voltage=FMCB 24V
FMCB 5V voltage=FMCB 5V
FMCB VTEC voltage=FMCB VTEC
LCB 24V input voltage=LCB 24V input
LDM 1 12V voltage=LDM 1 12V
LDM 1 15VM voltage=LDM 1 15VM
LDM 1 24V voltage=LDM 1 24V
LDM 1 380VM voltage=LDM 1 380VM
LDM 1 380VMA voltage=LDM 1 380VMA
LDM 1 mains voltage=LDM 1 mains
LDM 1 slot 2 linear output stage 1 voltage=LDM 1 slot 2 linear output stage 1
LDM 1 slot 1 linear output stage 2 voltage=LDM 1 slot 1 linear output stage 2 voltageDifferential air pressure sensor 1=Differential air pressure sensor 1
